   3:7>C:\Users\User\source\repos\Scalping-Strategie\Scalping-Strategie.Tests\obj\Debug\net8.0-windows\Scalping-Strategie.Tests.GlobalUsings.g.cs(9,22): error CS0400: Der Typ- oder Namespacename "Xunit" ist im globalen Namespace nicht vorhanden. (Fehlt möglicherweise ein Assemblyverweis?) [C:\Users\User\source\repos\Scalping-Strategie\Goldfluss 3.3.csproj]
   3:7>C:\Users\User\source\repos\Scalping-Strategie\Scalping-Strategie.Tests\UnitTest1.cs(4,7): error CS0246: Der Typ- oder Namespacename "Xunit" wurde nicht gefunden (möglicherweise fehlt eine using-Direktive oder ein Assemblyverweis). [C:\Users\User\source\repos\Scalping-Strategie\Goldfluss 3.3.csproj]
   3:7>C:\Users\User\source\repos\Scalping-Strategie\Scalping-Strategie.Tests\UnitTest1.cs(61,6): error CS0246: Der Typ- oder Namespacename "FactAttribute" wurde nicht gefunden (möglicherweise fehlt eine using-Direktive oder ein Assemblyverweis). [C:\Users\User\source\repos\Scalping-Strategie\Goldfluss 3.3.csproj]
   3:7>C:\Users\User\source\repos\Scalping-Strategie\Scalping-Strategie.Tests\UnitTest1.cs(61,6): error CS0246: Der Typ- oder Namespacename "Fact" wurde nicht gefunden (möglicherweise fehlt eine using-Direktive oder ein Assemblyverweis). [C:\Users\User\source\repos\Scalping-Strategie\Goldfluss 3.3.csproj]
   3:7>C:\Users\User\source\repos\Scalping-Strategie\Scalping-Strategie.Tests\UnitTest1.cs(74,6): error CS0246: Der Typ- oder Namespacename "FactAttribute" wurde nicht gefunden (möglicherweise fehlt eine using-Direktive oder ein Assemblyverweis). [C:\Users\User\source\repos\Scalping-Strategie\Goldfluss 3.3.csproj]
   3:7>C:\Users\User\source\repos\Scalping-Strategie\Scalping-Strategie.Tests\UnitTest1.cs(74,6): error CS0246: Der Typ- oder Namespacename "Fact" wurde nicht gefunden (möglicherweise fehlt eine using-Direktive oder ein Assemblyverweis). [C:\Users\User\source\repos\Scalping-Strategie\Goldfluss 3.3.csproj]
   3:7>C:\Users\User\source\repos\Scalping-Strategie\Scalping-Strategie.Tests\UnitTest1.cs(88,6): error CS0246: Der Typ- oder Namespacename "FactAttribute" wurde nicht gefunden (möglicherweise fehlt eine using-Direktive oder ein Assemblyverweis). [C:\Users\User\source\repos\Scalping-Strategie\Goldfluss 3.3.csproj]
   3:7>C:\Users\User\source\repos\Scalping-Strategie\Scalping-Strategie.Tests\UnitTest1.cs(88,6): error CS0246: Der Typ- oder Namespacename "Fact" wurde nicht gefunden (möglicherweise fehlt eine using-Direktive oder ein Assemblyverweis). [C:\Users\User\source\repos\Scalping-Strategie\Goldfluss 3.3.csproj]
